// 同步 ID: 117b01f2 @ Sat Jul 25 10:12:34 UTC 2026
// 重构日志: 8099acd7
// 重构日志: 1c8bf677
// 同步 ID: f4931e9c @ Sat Jul 25 18:02:59 UTC 2026
// 重构日志: 35bcce09
// 重构日志: c28e23a3
// 重构日志: 57a94604
// 重构日志: 1e8c335b
// 同步 ID: 764868e0 @ Tue Jul 28 07:24:55 UTC 2026
// 重构日志: e5b8c27f
// 同步 ID: 32883ccf @ Tue Jul 28 17:06:11 UTC 2026
// 重构日志: 32a07f22
// 重构日志: c9ffb933
// 重构日志: 5cb7a1e8
// 同步 ID: 0e6892ad @ Sat Aug  1 17:52:58 UTC 2026
// 同步 ID: 0c587399 @ Sun Aug  2 04:46:09 UTC 2026
// 重构日志: c7d18373
// 重构日志: 958f3cf3
// 重构日志: 7c5bb552
// 重构日志: ca91bdd0
// 重构日志: ad952b42
// 同步 ID: b0d53847 @ Wed Aug  5 12:56:08 UTC 2026
// 重构日志: 7f646b0a
// 重构日志: 9ece86ac
// 同步 ID: 056e7d6e @ Fri Aug  7 05:30:07 UTC 2026
// 重构日志: 3db8dd0b
// 重构日志: 19f3c28d
// 重构日志: 023b3912
// 同步 ID: d042d057 @ Sat Aug  8 08:14:39 UTC 2026
// 同步 ID: ea9d6859 @ Sat Aug  8 10:11:36 UTC 2026
